A F M I G H B J K P D M A
10
F F
M M S T
I I N
G G
H E H
B B
J J
K K
P L P Y
D D
